../../TouchGFX/target/STM32TouchController.hpp:38:7:STM32TouchController::~STM32TouchController()	0	static
C:/Users/thoma/OneDrive/ets/chinook/github/VolantC12-v2/VolantC12/TouchGFX/target/STM32TouchController.cpp:32:6:virtual void STM32TouchController::init()	8	static
C:/Users/thoma/OneDrive/ets/chinook/github/VolantC12-v2/VolantC12/TouchGFX/target/STM32TouchController.cpp:48:6:virtual bool STM32TouchController::sampleTouch(int32_t&, int32_t&)	40	static
../../TouchGFX/target/STM32TouchController.hpp:38:7:virtual STM32TouchController::~STM32TouchController()	8	static
C:/Users/thoma/OneDrive/ets/chinook/github/VolantC12-v2/VolantC12/TouchGFX/target/STM32TouchController.cpp:101:6:void HAL_GPIO_EXTI_Falling_Callback(uint16_t)	0	static
