../../Middlewares/ST/touchgfx/framework/include/touchgfx/hal/HAL.hpp:124:18:virtual void touchgfx::HAL::setDisplayOrientation(touchgfx::DisplayOrientation)	0	static
../../Middlewares/ST/touchgfx/framework/include/touchgfx/hal/HAL.hpp:670:18:virtual bool touchgfx::HAL::sampleKey(uint8_t&)	0	static
../../Middlewares/ST/touchgfx/framework/include/touchgfx/hal/HAL.hpp:737:18:virtual void touchgfx::HAL::setAnimationStorage(void*)	0	static
../../Middlewares/ST/touchgfx/framework/include/touchgfx/hal/HAL.hpp:876:30:virtual touchgfx::FlashDataReader* touchgfx::HAL::getFlashDataReader() const	0	static
../../Middlewares/ST/touchgfx/framework/include/touchgfx/hal/HAL.hpp:1025:18:virtual void touchgfx::HAL::taskDelay(uint16_t)	0	static
../../Middlewares/ST/touchgfx/framework/include/touchgfx/hal/HAL.hpp:1052:22:virtual uint16_t touchgfx::HAL::getTFTCurrentLine()	0	static
../../Middlewares/ST/touchgfx/framework/include/touchgfx/hal/HAL.hpp:1063:21:virtual touchgfx::DMAType touchgfx::HAL::getDMAType()	0	static
../../Middlewares/ST/touchgfx/framework/include/touchgfx/hal/HAL.hpp:1189:18:virtual void touchgfx::HAL::InvalidateCache()	0	static
../../Middlewares/ST/touchgfx/framework/include/touchgfx/hal/HAL.hpp:1199:18:virtual void touchgfx::HAL::FlushCache()	0	static
../../TouchGFX/target/TouchGFXHAL.hpp:36:7:TouchGFXHAL::~TouchGFXHAL()	0	static
C:/Users/thoma/OneDrive/ets/chinook/github/VolantC12-v2/VolantC12/TouchGFX/target/TouchGFXHAL.cpp:29:6:virtual void TouchGFXHAL::initialize()	0	static
C:/Users/thoma/OneDrive/ets/chinook/github/VolantC12-v2/VolantC12/TouchGFX/target/TouchGFXHAL.cpp:45:11:virtual uint16_t* TouchGFXHAL::getTFTFrameBuffer() const	0	static
C:/Users/thoma/OneDrive/ets/chinook/github/VolantC12-v2/VolantC12/TouchGFX/target/TouchGFXHAL.cpp:60:6:virtual void TouchGFXHAL::setTFTFrameBuffer(uint16_t*)	0	static
C:/Users/thoma/OneDrive/ets/chinook/github/VolantC12-v2/VolantC12/TouchGFX/target/TouchGFXHAL.cpp:77:6:virtual void TouchGFXHAL::flushFrameBuffer(const touchgfx::Rect&)	0	static
C:/Users/thoma/OneDrive/ets/chinook/github/VolantC12-v2/VolantC12/TouchGFX/target/TouchGFXHAL.cpp:92:6:virtual bool TouchGFXHAL::blockCopy(void*, const void*, uint32_t)	0	static
C:/Users/thoma/OneDrive/ets/chinook/github/VolantC12-v2/VolantC12/TouchGFX/target/TouchGFXHAL.cpp:101:6:virtual void TouchGFXHAL::configureInterrupts()	0	static
C:/Users/thoma/OneDrive/ets/chinook/github/VolantC12-v2/VolantC12/TouchGFX/target/TouchGFXHAL.cpp:114:6:virtual void TouchGFXHAL::enableInterrupts()	0	static
C:/Users/thoma/OneDrive/ets/chinook/github/VolantC12-v2/VolantC12/TouchGFX/target/TouchGFXHAL.cpp:127:6:virtual void TouchGFXHAL::disableInterrupts()	0	static
C:/Users/thoma/OneDrive/ets/chinook/github/VolantC12-v2/VolantC12/TouchGFX/target/TouchGFXHAL.cpp:141:6:virtual void TouchGFXHAL::enableLCDControllerInterrupt()	0	static
C:/Users/thoma/OneDrive/ets/chinook/github/VolantC12-v2/VolantC12/TouchGFX/target/TouchGFXHAL.cpp:151:6:virtual bool TouchGFXHAL::beginFrame()	0	static
C:/Users/thoma/OneDrive/ets/chinook/github/VolantC12-v2/VolantC12/TouchGFX/target/TouchGFXHAL.cpp:156:6:virtual void TouchGFXHAL::endFrame()	0	static
../../Middlewares/ST/touchgfx/framework/include/touchgfx/hal/HAL.hpp:638:18:virtual void touchgfx::HAL::backPorchExited()	8	static
../../TouchGFX/target/TouchGFXHAL.hpp:108:18:virtual void TouchGFXHAL::flushFrameBuffer()	0	static
../../TouchGFX/target/TouchGFXHAL.hpp:36:7:virtual TouchGFXHAL::~TouchGFXHAL()	8	static
../../Middlewares/ST/touchgfx/framework/include/touchgfx/hal/HAL.hpp:1162:18:virtual void touchgfx::HAL::performDisplayOrientationChange()	8	static
../../Middlewares/ST/touchgfx/framework/include/touchgfx/hal/HAL.hpp:720:18:virtual void touchgfx::HAL::setFrameBufferStartAddresses(void*, void*, void*)	16	static
../../Middlewares/ST/touchgfx/framework/include/touchgfx/hal/HAL.hpp:156:18:virtual void touchgfx::HAL::setFrameBufferSize(uint16_t, uint16_t)	8	static
../../Middlewares/ST/touchgfx/framework/include/touchgfx/hal/HAL.hpp:320:28:virtual touchgfx::BlitOperations touchgfx::HAL::getBlitCaps()	0	static
