C:/Users/thoma/OneDrive/ets/chinook/github/VolantC12-v2/VolantC12/TouchGFX/target/generated/nema_hal.c:58:6:HAL_GPU2D_CommandListCpltCallback	0	static
C:/Users/thoma/OneDrive/ets/chinook/github/VolantC12-v2/VolantC12/TouchGFX/target/generated/nema_hal.c:105:10:nema_reg_read	0	static
C:/Users/thoma/OneDrive/ets/chinook/github/VolantC12-v2/VolantC12/TouchGFX/target/generated/nema_hal.c:110:6:nema_reg_write	0	static
C:/Users/thoma/OneDrive/ets/chinook/github/VolantC12-v2/VolantC12/TouchGFX/target/generated/nema_hal.c:115:5:nema_wait_irq	8	static
C:/Users/thoma/OneDrive/ets/chinook/github/VolantC12-v2/VolantC12/TouchGFX/target/generated/nema_hal.c:123:5:nema_wait_irq_cl	16	static
C:/Users/thoma/OneDrive/ets/chinook/github/VolantC12-v2/VolantC12/TouchGFX/target/generated/nema_hal.c:133:5:nema_wait_irq_brk	8	static
C:/Users/thoma/OneDrive/ets/chinook/github/VolantC12-v2/VolantC12/TouchGFX/target/generated/nema_hal.c:143:6:nema_host_free	0	static
C:/Users/thoma/OneDrive/ets/chinook/github/VolantC12-v2/VolantC12/TouchGFX/target/generated/nema_hal.c:148:7:nema_host_malloc	0	static
C:/Users/thoma/OneDrive/ets/chinook/github/VolantC12-v2/VolantC12/TouchGFX/target/generated/nema_hal.c:153:15:nema_buffer_create	32	static
C:/Users/thoma/OneDrive/ets/chinook/github/VolantC12-v2/VolantC12/TouchGFX/target/generated/nema_hal.c:70:9:nema_sys_init	48	static
C:/Users/thoma/OneDrive/ets/chinook/github/VolantC12-v2/VolantC12/TouchGFX/target/generated/nema_hal.c:165:15:nema_buffer_create_pool	8	static
C:/Users/thoma/OneDrive/ets/chinook/github/VolantC12-v2/VolantC12/TouchGFX/target/generated/nema_hal.c:173:7:nema_buffer_map	0	static
C:/Users/thoma/OneDrive/ets/chinook/github/VolantC12-v2/VolantC12/TouchGFX/target/generated/nema_hal.c:178:6:nema_buffer_unmap	0	static
C:/Users/thoma/OneDrive/ets/chinook/github/VolantC12-v2/VolantC12/TouchGFX/target/generated/nema_hal.c:184:6:nema_buffer_destroy	8	static
C:/Users/thoma/OneDrive/ets/chinook/github/VolantC12-v2/VolantC12/TouchGFX/target/generated/nema_hal.c:199:11:nema_buffer_phys	0	static
C:/Users/thoma/OneDrive/ets/chinook/github/VolantC12-v2/VolantC12/TouchGFX/target/generated/nema_hal.c:204:6:nema_buffer_flush	0	static
C:/Users/thoma/OneDrive/ets/chinook/github/VolantC12-v2/VolantC12/TouchGFX/target/generated/nema_hal.c:210:5:nema_mutex_lock	0	static
C:/Users/thoma/OneDrive/ets/chinook/github/VolantC12-v2/VolantC12/TouchGFX/target/generated/nema_hal.c:222:5:nema_mutex_unlock	0	static
