C:/Users/thoma/OneDrive/ets/chinook/github/VolantC12-v2/VolantC12/Drivers/BSP/Components/mx25lm51245g/mx25lm51245g.c:61:9:MX25LM51245G_GetFlashInfo	0	static
C:/Users/thoma/OneDrive/ets/chinook/github/VolantC12-v2/VolantC12/Drivers/BSP/Components/mx25lm51245g/mx25lm51245g.c:85:9:MX25LM51245G_AutoPollingMemReady	120	static
C:/Users/thoma/OneDrive/ets/chinook/github/VolantC12-v2/VolantC12/Drivers/BSP/Components/mx25lm51245g/mx25lm51245g.c:163:9:MX25LM51245G_ReadSTR	104	static
C:/Users/thoma/OneDrive/ets/chinook/github/VolantC12-v2/VolantC12/Drivers/BSP/Components/mx25lm51245g/mx25lm51245g.c:231:9:MX25LM51245G_ReadDTR	104	static
C:/Users/thoma/OneDrive/ets/chinook/github/VolantC12-v2/VolantC12/Drivers/BSP/Components/mx25lm51245g/mx25lm51245g.c:282:9:MX25LM51245G_PageProgram	104	static
C:/Users/thoma/OneDrive/ets/chinook/github/VolantC12-v2/VolantC12/Drivers/BSP/Components/mx25lm51245g/mx25lm51245g.c:350:9:MX25LM51245G_PageProgramDTR	104	static
C:/Users/thoma/OneDrive/ets/chinook/github/VolantC12-v2/VolantC12/Drivers/BSP/Components/mx25lm51245g/mx25lm51245g.c:399:9:MX25LM51245G_BlockErase	104	static
C:/Users/thoma/OneDrive/ets/chinook/github/VolantC12-v2/VolantC12/Drivers/BSP/Components/mx25lm51245g/mx25lm51245g.c:489:9:MX25LM51245G_ChipErase	96	static
C:/Users/thoma/OneDrive/ets/chinook/github/VolantC12-v2/VolantC12/Drivers/BSP/Components/mx25lm51245g/mx25lm51245g.c:538:9:MX25LM51245G_EnableSTRMemoryMappedMode	104	static
C:/Users/thoma/OneDrive/ets/chinook/github/VolantC12-v2/VolantC12/Drivers/BSP/Components/mx25lm51245g/mx25lm51245g.c:617:9:MX25LM51245G_EnableDTRMemoryMappedMode	96	static
C:/Users/thoma/OneDrive/ets/chinook/github/VolantC12-v2/VolantC12/Drivers/BSP/Components/mx25lm51245g/mx25lm51245g.c:678:9:MX25LM51245G_Suspend	96	static
C:/Users/thoma/OneDrive/ets/chinook/github/VolantC12-v2/VolantC12/Drivers/BSP/Components/mx25lm51245g/mx25lm51245g.c:727:9:MX25LM51245G_Resume	96	static
C:/Users/thoma/OneDrive/ets/chinook/github/VolantC12-v2/VolantC12/Drivers/BSP/Components/mx25lm51245g/mx25lm51245g.c:777:9:MX25LM51245G_WriteEnable	128	static
C:/Users/thoma/OneDrive/ets/chinook/github/VolantC12-v2/VolantC12/Drivers/BSP/Components/mx25lm51245g/mx25lm51245g.c:864:9:MX25LM51245G_WriteDisable	96	static
C:/Users/thoma/OneDrive/ets/chinook/github/VolantC12-v2/VolantC12/Drivers/BSP/Components/mx25lm51245g/mx25lm51245g.c:914:9:MX25LM51245G_ReadStatusRegister	104	static
C:/Users/thoma/OneDrive/ets/chinook/github/VolantC12-v2/VolantC12/Drivers/BSP/Components/mx25lm51245g/mx25lm51245g.c:1060:9:MX25LM51245G_WriteCfgRegister	112	static
C:/Users/thoma/OneDrive/ets/chinook/github/VolantC12-v2/VolantC12/Drivers/BSP/Components/mx25lm51245g/mx25lm51245g.c:1140:9:MX25LM51245G_ReadCfgRegister	104	static
C:/Users/thoma/OneDrive/ets/chinook/github/VolantC12-v2/VolantC12/Drivers/BSP/Components/mx25lm51245g/mx25lm51245g.c:984:9:MX25LM51245G_WriteStatusRegister	112	static
C:/Users/thoma/OneDrive/ets/chinook/github/VolantC12-v2/VolantC12/Drivers/BSP/Components/mx25lm51245g/mx25lm51245g.c:1210:9:MX25LM51245G_WriteCfg2Register	104	static
C:/Users/thoma/OneDrive/ets/chinook/github/VolantC12-v2/VolantC12/Drivers/BSP/Components/mx25lm51245g/mx25lm51245g.c:1275:9:MX25LM51245G_ReadCfg2Register	104	static
C:/Users/thoma/OneDrive/ets/chinook/github/VolantC12-v2/VolantC12/Drivers/BSP/Components/mx25lm51245g/mx25lm51245g.c:1345:9:MX25LM51245G_WriteSecurityRegister	96	static
C:/Users/thoma/OneDrive/ets/chinook/github/VolantC12-v2/VolantC12/Drivers/BSP/Components/mx25lm51245g/mx25lm51245g.c:1399:9:MX25LM51245G_ReadSecurityRegister	104	static
C:/Users/thoma/OneDrive/ets/chinook/github/VolantC12-v2/VolantC12/Drivers/BSP/Components/mx25lm51245g/mx25lm51245g.c:1472:9:MX25LM51245G_ReadID	104	static
C:/Users/thoma/OneDrive/ets/chinook/github/VolantC12-v2/VolantC12/Drivers/BSP/Components/mx25lm51245g/mx25lm51245g.c:1544:9:MX25LM51245G_ResetEnable	96	static
C:/Users/thoma/OneDrive/ets/chinook/github/VolantC12-v2/VolantC12/Drivers/BSP/Components/mx25lm51245g/mx25lm51245g.c:1593:9:MX25LM51245G_ResetMemory	96	static
C:/Users/thoma/OneDrive/ets/chinook/github/VolantC12-v2/VolantC12/Drivers/BSP/Components/mx25lm51245g/mx25lm51245g.c:1642:9:MX25LM51245G_NoOperation	96	static
C:/Users/thoma/OneDrive/ets/chinook/github/VolantC12-v2/VolantC12/Drivers/BSP/Components/mx25lm51245g/mx25lm51245g.c:1689:9:MX25LM51245G_EnterPowerDown	96	static
