../../TouchGFX/gui/include/gui/ui_page2_screen/UI_page2Presenter.hpp:32:13:UI_page2Presenter::~UI_page2Presenter()	0	static
C:/Users/thoma/OneDrive/ets/chinook/github/VolantC12-v2/VolantC12/TouchGFX/gui/src/ui_page2_screen/UI_page2Presenter.cpp:10:6:virtual void UI_page2Presenter::activate()	0	static
../../TouchGFX/gui/include/gui/ui_page2_screen/UI_page2Presenter.hpp:32:13:virtual UI_page2Presenter::~UI_page2Presenter()	8	static
C:/Users/thoma/OneDrive/ets/chinook/github/VolantC12-v2/VolantC12/TouchGFX/gui/src/ui_page2_screen/UI_page2Presenter.cpp:20:6:virtual void UI_page2Presenter::change_screen(uint8_t)	32	static
C:/Users/thoma/OneDrive/ets/chinook/github/VolantC12-v2/VolantC12/TouchGFX/gui/src/ui_page2_screen/UI_page2Presenter.cpp:31:6:virtual void UI_page2Presenter::update_ui(void*)	24	static
../../TouchGFX/gui/include/gui/ui_page2_screen/UI_page2Presenter.hpp:32:13:virtual void* UI_page2Presenter::_ZThn4_N17UI_page2PresenterD1Ev()	0	static
C:/Users/thoma/OneDrive/ets/chinook/github/VolantC12-v2/VolantC12/TouchGFX/gui/src/ui_page2_screen/UI_page2Presenter.cpp:4:1:UI_page2Presenter::UI_page2Presenter(UI_page2View&)	0	static
