../../Middlewares/ST/touchgfx/framework/include/touchgfx/Screen.hpp:104:18:virtual void touchgfx::Screen::afterTransition()	0	static
../../Middlewares/ST/touchgfx/framework/include/touchgfx/Screen.hpp:144:18:virtual void touchgfx::Screen::handleTickEvent()	0	static
C:/Users/thoma/OneDrive/ets/chinook/github/VolantC12-v2/VolantC12/TouchGFX/gui/src/ui_page2_screen/UI_page2View.cpp:13:6:virtual void UI_page2View::tearDownScreen()	0	static
C:/Users/thoma/OneDrive/ets/chinook/github/VolantC12-v2/VolantC12/TouchGFX/gui/src/ui_page2_screen/UI_page2View.cpp:18:6:virtual void UI_page2View::change_screen(uint8_t)	0	static
../../TouchGFX/gui/include/gui/ui_page2_screen/UI_page2View.hpp:11:13:UI_page2View::~UI_page2View()	8	static
../../TouchGFX/gui/include/gui/ui_page2_screen/UI_page2View.hpp:11:13:virtual UI_page2View::~UI_page2View()	8	static
C:/Users/thoma/OneDrive/ets/chinook/github/VolantC12-v2/VolantC12/TouchGFX/gui/src/ui_page2_screen/UI_page2View.cpp:3:1:UI_page2View::UI_page2View()	8	static
C:/Users/thoma/OneDrive/ets/chinook/github/VolantC12-v2/VolantC12/TouchGFX/gui/src/ui_page2_screen/UI_page2View.cpp:8:6:virtual void UI_page2View::setupScreen()	0	static
C:/Users/thoma/OneDrive/ets/chinook/github/VolantC12-v2/VolantC12/TouchGFX/gui/src/ui_page2_screen/UI_page2View.cpp:23:6:virtual void UI_page2View::update_power(float)	16	static
C:/Users/thoma/OneDrive/ets/chinook/github/VolantC12-v2/VolantC12/TouchGFX/gui/src/ui_page2_screen/UI_page2View.cpp:29:6:virtual void UI_page2View::update_efficiency(float)	16	static
C:/Users/thoma/OneDrive/ets/chinook/github/VolantC12-v2/VolantC12/TouchGFX/gui/src/ui_page2_screen/UI_page2View.cpp:35:6:virtual void UI_page2View::update_tsr(float)	16	static
