../../Middlewares/ST/touchgfx/framework/include/touchgfx/Screen.hpp:104:18:virtual void touchgfx::Screen::afterTransition()	0	static
../../Middlewares/ST/touchgfx/framework/include/touchgfx/Screen.hpp:144:18:virtual void touchgfx::Screen::handleTickEvent()	0	static
C:/Users/thoma/OneDrive/ets/chinook/github/VolantC12-v2/VolantC12/TouchGFX/gui/src/ui_page1_screen/UI_page1View.cpp:13:6:virtual void UI_page1View::tearDownScreen()	0	static
C:/Users/thoma/OneDrive/ets/chinook/github/VolantC12-v2/VolantC12/TouchGFX/gui/src/ui_page1_screen/UI_page1View.cpp:18:6:virtual void UI_page1View::change_screen(uint8_t)	0	static
../../TouchGFX/gui/include/gui/ui_page1_screen/UI_page1View.hpp:11:13:UI_page1View::~UI_page1View()	8	static
../../TouchGFX/gui/include/gui/ui_page1_screen/UI_page1View.hpp:11:13:virtual UI_page1View::~UI_page1View()	8	static
C:/Users/thoma/OneDrive/ets/chinook/github/VolantC12-v2/VolantC12/TouchGFX/gui/src/ui_page1_screen/UI_page1View.cpp:3:1:UI_page1View::UI_page1View()	8	static
C:/Users/thoma/OneDrive/ets/chinook/github/VolantC12-v2/VolantC12/TouchGFX/gui/src/ui_page1_screen/UI_page1View.cpp:8:6:virtual void UI_page1View::setupScreen()	0	static
C:/Users/thoma/OneDrive/ets/chinook/github/VolantC12-v2/VolantC12/TouchGFX/gui/src/ui_page1_screen/UI_page1View.cpp:23:6:virtual void UI_page1View::update_mast_angle(float)	16	static
C:/Users/thoma/OneDrive/ets/chinook/github/VolantC12-v2/VolantC12/TouchGFX/gui/src/ui_page1_screen/UI_page1View.cpp:30:6:virtual void UI_page1View::update_pitch(float)	16	static
C:/Users/thoma/OneDrive/ets/chinook/github/VolantC12-v2/VolantC12/TouchGFX/gui/src/ui_page1_screen/UI_page1View.cpp:36:6:virtual void UI_page1View::update_wind_speed(float)	16	static
C:/Users/thoma/OneDrive/ets/chinook/github/VolantC12-v2/VolantC12/TouchGFX/gui/src/ui_page1_screen/UI_page1View.cpp:42:6:virtual void UI_page1View::update_wind_dir(float)	16	static
C:/Users/thoma/OneDrive/ets/chinook/github/VolantC12-v2/VolantC12/TouchGFX/gui/src/ui_page1_screen/UI_page1View.cpp:48:6:virtual void UI_page1View::update_wheel_rpm(float)	16	static
C:/Users/thoma/OneDrive/ets/chinook/github/VolantC12-v2/VolantC12/TouchGFX/gui/src/ui_page1_screen/UI_page1View.cpp:54:6:virtual void UI_page1View::update_turb_rpm(float)	16	static
