C:/Users/thoma/OneDrive/ets/chinook/github/VolantC12-v2/VolantC12/Middlewares/Third_Party/FreeRTOS/Source/event_groups.c:96:24:xEventGroupCreateStatic	16	static
C:/Users/thoma/OneDrive/ets/chinook/github/VolantC12-v2/VolantC12/Middlewares/Third_Party/FreeRTOS/Source/event_groups.c:148:24:xEventGroupCreate	16	static
C:/Users/thoma/OneDrive/ets/chinook/github/VolantC12-v2/VolantC12/Middlewares/Third_Party/FreeRTOS/Source/event_groups.c:317:13:xEventGroupWaitBits	32	static
C:/Users/thoma/OneDrive/ets/chinook/github/VolantC12-v2/VolantC12/Middlewares/Third_Party/FreeRTOS/Source/event_groups.c:473:13:xEventGroupClearBits	16	static
C:/Users/thoma/OneDrive/ets/chinook/github/VolantC12-v2/VolantC12/Middlewares/Third_Party/FreeRTOS/Source/event_groups.c:686:6:vEventGroupClearBitsCallback	0	static
C:/Users/thoma/OneDrive/ets/chinook/github/VolantC12-v2/VolantC12/Middlewares/Third_Party/FreeRTOS/Source/event_groups.c:503:16:xEventGroupClearBitsFromISR	0	static
C:/Users/thoma/OneDrive/ets/chinook/github/VolantC12-v2/VolantC12/Middlewares/Third_Party/FreeRTOS/Source/event_groups.c:517:13:xEventGroupGetBitsFromISR	8	static
C:/Users/thoma/OneDrive/ets/chinook/github/VolantC12-v2/VolantC12/Middlewares/Third_Party/FreeRTOS/Source/event_groups.c:533:13:xEventGroupSetBits	24	static
C:/Users/thoma/OneDrive/ets/chinook/github/VolantC12-v2/VolantC12/Middlewares/Third_Party/FreeRTOS/Source/event_groups.c:194:13:xEventGroupSync	24	static
C:/Users/thoma/OneDrive/ets/chinook/github/VolantC12-v2/VolantC12/Middlewares/Third_Party/FreeRTOS/Source/event_groups.c:677:6:vEventGroupSetBitsCallback	0	static
C:/Users/thoma/OneDrive/ets/chinook/github/VolantC12-v2/VolantC12/Middlewares/Third_Party/FreeRTOS/Source/event_groups.c:629:6:vEventGroupDelete	16	static
C:/Users/thoma/OneDrive/ets/chinook/github/VolantC12-v2/VolantC12/Middlewares/Third_Party/FreeRTOS/Source/event_groups.c:732:16:xEventGroupSetBitsFromISR	0	static
C:/Users/thoma/OneDrive/ets/chinook/github/VolantC12-v2/VolantC12/Middlewares/Third_Party/FreeRTOS/Source/event_groups.c:749:17:uxEventGroupGetNumber	0	static
C:/Users/thoma/OneDrive/ets/chinook/github/VolantC12-v2/VolantC12/Middlewares/Third_Party/FreeRTOS/Source/event_groups.c:771:10:vEventGroupSetNumber	0	static
