C:/Users/thoma/OneDrive/ets/chinook/github/VolantC12-v2/VolantC12/Middlewares/Third_Party/FreeRTOS/Source/portable/GCC/ARM_CM33_NTZ/non_secure/portasm.c:43:6:vRestoreContextOfFirstTask	0	static,ignoring_inline_asm
C:/Users/thoma/OneDrive/ets/chinook/github/VolantC12-v2/VolantC12/Middlewares/Third_Party/FreeRTOS/Source/portable/GCC/ARM_CM33_NTZ/non_secure/portasm.c:129:12:xIsPrivileged	0	static,ignoring_inline_asm
C:/Users/thoma/OneDrive/ets/chinook/github/VolantC12-v2/VolantC12/Middlewares/Third_Party/FreeRTOS/Source/portable/GCC/ARM_CM33_NTZ/non_secure/portasm.c:148:6:vRaisePrivilege	0	static,ignoring_inline_asm
C:/Users/thoma/OneDrive/ets/chinook/github/VolantC12-v2/VolantC12/Middlewares/Third_Party/FreeRTOS/Source/portable/GCC/ARM_CM33_NTZ/non_secure/portasm.c:163:6:vResetPrivilege	0	static,ignoring_inline_asm
C:/Users/thoma/OneDrive/ets/chinook/github/VolantC12-v2/VolantC12/Middlewares/Third_Party/FreeRTOS/Source/portable/GCC/ARM_CM33_NTZ/non_secure/portasm.c:178:6:vStartFirstTask	0	static,ignoring_inline_asm
C:/Users/thoma/OneDrive/ets/chinook/github/VolantC12-v2/VolantC12/Middlewares/Third_Party/FreeRTOS/Source/portable/GCC/ARM_CM33_NTZ/non_secure/portasm.c:202:10:ulSetInterruptMask	0	static,ignoring_inline_asm
C:/Users/thoma/OneDrive/ets/chinook/github/VolantC12-v2/VolantC12/Middlewares/Third_Party/FreeRTOS/Source/portable/GCC/ARM_CM33_NTZ/non_secure/portasm.c:219:6:vClearInterruptMask	0	static,ignoring_inline_asm
C:/Users/thoma/OneDrive/ets/chinook/github/VolantC12-v2/VolantC12/Middlewares/Third_Party/FreeRTOS/Source/portable/GCC/ARM_CM33_NTZ/non_secure/portasm.c:234:6:PendSV_Handler	0	static,ignoring_inline_asm
C:/Users/thoma/OneDrive/ets/chinook/github/VolantC12-v2/VolantC12/Middlewares/Third_Party/FreeRTOS/Source/portable/GCC/ARM_CM33_NTZ/non_secure/portasm.c:348:6:SVC_Handler	0	static,ignoring_inline_asm
