C:/Users/thoma/OneDrive/ets/chinook/github/VolantC12-v2/VolantC12/Middlewares/Third_Party/FreeRTOS/Source/tasks.c:1026:13:prvAddNewTaskToReadyList	24	static
C:/Users/thoma/OneDrive/ets/chinook/github/VolantC12-v2/VolantC12/Middlewares/Third_Party/FreeRTOS/Source/tasks.c:5297:13:prvAddCurrentTaskToDelayedList	24	static
C:/Users/thoma/OneDrive/ets/chinook/github/VolantC12-v2/VolantC12/Middlewares/Third_Party/FreeRTOS/Source/tasks.c:3999:13:prvResetNextTaskUnblockTime	0	static
C:/Users/thoma/OneDrive/ets/chinook/github/VolantC12-v2/VolantC12/Middlewares/Third_Party/FreeRTOS/Source/tasks.c:3946:17:prvDeleteTCB	8	static
C:/Users/thoma/OneDrive/ets/chinook/github/VolantC12-v2/VolantC12/Middlewares/Third_Party/FreeRTOS/Source/tasks.c:3427:8:prvIdleTask	8	static
C:/Users/thoma/OneDrive/ets/chinook/github/VolantC12-v2/VolantC12/Middlewares/Third_Party/FreeRTOS/Source/tasks.c:816:13:prvInitialiseNewTask.constprop	40	static
C:/Users/thoma/OneDrive/ets/chinook/github/VolantC12-v2/VolantC12/Middlewares/Third_Party/FreeRTOS/Source/tasks.c:564:18:xTaskCreateStatic	56	static
C:/Users/thoma/OneDrive/ets/chinook/github/VolantC12-v2/VolantC12/Middlewares/Third_Party/FreeRTOS/Source/tasks.c:721:16:xTaskCreate	48	static
C:/Users/thoma/OneDrive/ets/chinook/github/VolantC12-v2/VolantC12/Middlewares/Third_Party/FreeRTOS/Source/tasks.c:1112:10:vTaskDelete	16	static
C:/Users/thoma/OneDrive/ets/chinook/github/VolantC12-v2/VolantC12/Middlewares/Third_Party/FreeRTOS/Source/tasks.c:1346:16:eTaskGetState	24	static
C:/Users/thoma/OneDrive/ets/chinook/github/VolantC12-v2/VolantC12/Middlewares/Third_Party/FreeRTOS/Source/tasks.c:1445:17:uxTaskPriorityGet	8	static
C:/Users/thoma/OneDrive/ets/chinook/github/VolantC12-v2/VolantC12/Middlewares/Third_Party/FreeRTOS/Source/tasks.c:1467:17:uxTaskPriorityGetFromISR	8	static
C:/Users/thoma/OneDrive/ets/chinook/github/VolantC12-v2/VolantC12/Middlewares/Third_Party/FreeRTOS/Source/tasks.c:1507:10:vTaskPrioritySet	24	static
C:/Users/thoma/OneDrive/ets/chinook/github/VolantC12-v2/VolantC12/Middlewares/Third_Party/FreeRTOS/Source/tasks.c:1825:10:vTaskResume	24	static
C:/Users/thoma/OneDrive/ets/chinook/github/VolantC12-v2/VolantC12/Middlewares/Third_Party/FreeRTOS/Source/tasks.c:1879:16:xTaskResumeFromISR	24	static
C:/Users/thoma/OneDrive/ets/chinook/github/VolantC12-v2/VolantC12/Middlewares/Third_Party/FreeRTOS/Source/tasks.c:1954:6:vTaskStartScheduler	48	static
C:/Users/thoma/OneDrive/ets/chinook/github/VolantC12-v2/VolantC12/Middlewares/Third_Party/FreeRTOS/Source/tasks.c:2079:6:vTaskEndScheduler	8	static
C:/Users/thoma/OneDrive/ets/chinook/github/VolantC12-v2/VolantC12/Middlewares/Third_Party/FreeRTOS/Source/tasks.c:2090:6:vTaskSuspendAll	0	static,ignoring_inline_asm
C:/Users/thoma/OneDrive/ets/chinook/github/VolantC12-v2/VolantC12/Middlewares/Third_Party/FreeRTOS/Source/tasks.c:2286:12:xTaskGetTickCount	0	static
C:/Users/thoma/OneDrive/ets/chinook/github/VolantC12-v2/VolantC12/Middlewares/Third_Party/FreeRTOS/Source/tasks.c:2301:12:xTaskGetTickCountFromISR	0	static
C:/Users/thoma/OneDrive/ets/chinook/github/VolantC12-v2/VolantC12/Middlewares/Third_Party/FreeRTOS/Source/tasks.c:2332:13:uxTaskGetNumberOfTasks	0	static
C:/Users/thoma/OneDrive/ets/chinook/github/VolantC12-v2/VolantC12/Middlewares/Third_Party/FreeRTOS/Source/tasks.c:2340:8:pcTaskGetName	8	static
C:/Users/thoma/OneDrive/ets/chinook/github/VolantC12-v2/VolantC12/Middlewares/Third_Party/FreeRTOS/Source/tasks.c:2720:12:xTaskIncrementTick	40	static
C:/Users/thoma/OneDrive/ets/chinook/github/VolantC12-v2/VolantC12/Middlewares/Third_Party/FreeRTOS/Source/tasks.c:2174:12:xTaskResumeAll	40	static,ignoring_inline_asm
C:/Users/thoma/OneDrive/ets/chinook/github/VolantC12-v2/VolantC12/Middlewares/Third_Party/FreeRTOS/Source/tasks.c:1214:16:xTaskDelayUntil	8	static
C:/Users/thoma/OneDrive/ets/chinook/github/VolantC12-v2/VolantC12/Middlewares/Third_Party/FreeRTOS/Source/tasks.c:1301:10:vTaskDelay	8	static
C:/Users/thoma/OneDrive/ets/chinook/github/VolantC12-v2/VolantC12/Middlewares/Third_Party/FreeRTOS/Source/tasks.c:2616:12:xTaskCatchUpTicks	8	static
C:/Users/thoma/OneDrive/ets/chinook/github/VolantC12-v2/VolantC12/Middlewares/Third_Party/FreeRTOS/Source/tasks.c:3009:6:vTaskSwitchContext	24	static
C:/Users/thoma/OneDrive/ets/chinook/github/VolantC12-v2/VolantC12/Middlewares/Third_Party/FreeRTOS/Source/tasks.c:1673:10:vTaskSuspend	16	static
C:/Users/thoma/OneDrive/ets/chinook/github/VolantC12-v2/VolantC12/Middlewares/Third_Party/FreeRTOS/Source/tasks.c:3083:6:vTaskPlaceOnEventList	8	static
C:/Users/thoma/OneDrive/ets/chinook/github/VolantC12-v2/VolantC12/Middlewares/Third_Party/FreeRTOS/Source/tasks.c:3108:6:vTaskPlaceOnUnorderedEventList	16	static
C:/Users/thoma/OneDrive/ets/chinook/github/VolantC12-v2/VolantC12/Middlewares/Third_Party/FreeRTOS/Source/tasks.c:3136:10:vTaskPlaceOnEventListRestricted	16	static
C:/Users/thoma/OneDrive/ets/chinook/github/VolantC12-v2/VolantC12/Middlewares/Third_Party/FreeRTOS/Source/tasks.c:3169:12:xTaskRemoveFromEventList	24	static
C:/Users/thoma/OneDrive/ets/chinook/github/VolantC12-v2/VolantC12/Middlewares/Third_Party/FreeRTOS/Source/tasks.c:3237:6:vTaskRemoveFromUnorderedEventList	24	static
C:/Users/thoma/OneDrive/ets/chinook/github/VolantC12-v2/VolantC12/Middlewares/Third_Party/FreeRTOS/Source/tasks.c:3286:6:vTaskSetTimeOutState	8	static
C:/Users/thoma/OneDrive/ets/chinook/github/VolantC12-v2/VolantC12/Middlewares/Third_Party/FreeRTOS/Source/tasks.c:3298:6:vTaskInternalSetTimeOutState	0	static
C:/Users/thoma/OneDrive/ets/chinook/github/VolantC12-v2/VolantC12/Middlewares/Third_Party/FreeRTOS/Source/tasks.c:3306:12:xTaskCheckForTimeOut	16	static
C:/Users/thoma/OneDrive/ets/chinook/github/VolantC12-v2/VolantC12/Middlewares/Third_Party/FreeRTOS/Source/tasks.c:3371:6:vTaskMissedYield	0	static
C:/Users/thoma/OneDrive/ets/chinook/github/VolantC12-v2/VolantC12/Middlewares/Third_Party/FreeRTOS/Source/tasks.c:3379:17:uxTaskGetTaskNumber	0	static
C:/Users/thoma/OneDrive/ets/chinook/github/VolantC12-v2/VolantC12/Middlewares/Third_Party/FreeRTOS/Source/tasks.c:3402:10:vTaskSetTaskNumber	0	static
C:/Users/thoma/OneDrive/ets/chinook/github/VolantC12-v2/VolantC12/Middlewares/Third_Party/FreeRTOS/Source/tasks.c:3719:10:vTaskGetInfo	16	static
C:/Users/thoma/OneDrive/ets/chinook/github/VolantC12-v2/VolantC12/Middlewares/Third_Party/FreeRTOS/Source/tasks.c:3822:24:prvListTasksWithinSingleList	40	static
C:/Users/thoma/OneDrive/ets/chinook/github/VolantC12-v2/VolantC12/Middlewares/Third_Party/FreeRTOS/Source/tasks.c:2489:17:uxTaskGetSystemState	32	static
C:/Users/thoma/OneDrive/ets/chinook/github/VolantC12-v2/VolantC12/Middlewares/Third_Party/FreeRTOS/Source/tasks.c:3918:17:uxTaskGetStackHighWaterMark	0	static
C:/Users/thoma/OneDrive/ets/chinook/github/VolantC12-v2/VolantC12/Middlewares/Third_Party/FreeRTOS/Source/tasks.c:4022:18:xTaskGetCurrentTaskHandle	0	static
C:/Users/thoma/OneDrive/ets/chinook/github/VolantC12-v2/VolantC12/Middlewares/Third_Party/FreeRTOS/Source/tasks.c:4039:16:xTaskGetSchedulerState	0	static
C:/Users/thoma/OneDrive/ets/chinook/github/VolantC12-v2/VolantC12/Middlewares/Third_Party/FreeRTOS/Source/tasks.c:4067:16:xTaskPriorityInherit	24	static
C:/Users/thoma/OneDrive/ets/chinook/github/VolantC12-v2/VolantC12/Middlewares/Third_Party/FreeRTOS/Source/tasks.c:4157:16:xTaskPriorityDisinherit	16	static
C:/Users/thoma/OneDrive/ets/chinook/github/VolantC12-v2/VolantC12/Middlewares/Third_Party/FreeRTOS/Source/tasks.c:4237:10:vTaskPriorityDisinheritAfterTimeout	16	static
C:/Users/thoma/OneDrive/ets/chinook/github/VolantC12-v2/VolantC12/Middlewares/Third_Party/FreeRTOS/Source/tasks.c:4658:12:uxTaskResetEventItemValue	0	static
C:/Users/thoma/OneDrive/ets/chinook/github/VolantC12-v2/VolantC12/Middlewares/Third_Party/FreeRTOS/Source/tasks.c:4674:18:pvTaskIncrementMutexHeldCount	0	static
C:/Users/thoma/OneDrive/ets/chinook/github/VolantC12-v2/VolantC12/Middlewares/Third_Party/FreeRTOS/Source/tasks.c:4691:14:ulTaskGenericNotifyTake	16	static
C:/Users/thoma/OneDrive/ets/chinook/github/VolantC12-v2/VolantC12/Middlewares/Third_Party/FreeRTOS/Source/tasks.c:4763:16:xTaskGenericNotifyWait	24	static
C:/Users/thoma/OneDrive/ets/chinook/github/VolantC12-v2/VolantC12/Middlewares/Third_Party/FreeRTOS/Source/tasks.c:4849:16:xTaskGenericNotify	24	static
C:/Users/thoma/OneDrive/ets/chinook/github/VolantC12-v2/VolantC12/Middlewares/Third_Party/FreeRTOS/Source/tasks.c:4972:16:xTaskGenericNotifyFromISR	24	static
C:/Users/thoma/OneDrive/ets/chinook/github/VolantC12-v2/VolantC12/Middlewares/Third_Party/FreeRTOS/Source/tasks.c:5111:10:vTaskGenericNotifyGiveFromISR	24	static
C:/Users/thoma/OneDrive/ets/chinook/github/VolantC12-v2/VolantC12/Middlewares/Third_Party/FreeRTOS/Source/tasks.c:5200:16:xTaskGenericNotifyStateClear	8	static
C:/Users/thoma/OneDrive/ets/chinook/github/VolantC12-v2/VolantC12/Middlewares/Third_Party/FreeRTOS/Source/tasks.c:5234:14:ulTaskGenericNotifyValueClear	16	static
