C:/Users/thoma/OneDrive/ets/chinook/github/VolantC12-v2/VolantC12/Middlewares/Third_Party/FreeRTOS/Source/timers.c:716:23:prvInsertTimerInActiveList	8	static
C:/Users/thoma/OneDrive/ets/chinook/github/VolantC12-v2/VolantC12/Middlewares/Third_Party/FreeRTOS/Source/timers.c:522:17:prvReloadTimer	16	static
C:/Users/thoma/OneDrive/ets/chinook/github/VolantC12-v2/VolantC12/Middlewares/Third_Party/FreeRTOS/Source/timers.c:541:17:prvProcessExpiredTimer	16	static
C:/Users/thoma/OneDrive/ets/chinook/github/VolantC12-v2/VolantC12/Middlewares/Third_Party/FreeRTOS/Source/timers.c:693:23:prvSampleTimeNow	24	static
C:/Users/thoma/OneDrive/ets/chinook/github/VolantC12-v2/VolantC12/Middlewares/Third_Party/FreeRTOS/Source/timers.c:568:12:prvTimerTask	48	static
C:/Users/thoma/OneDrive/ets/chinook/github/VolantC12-v2/VolantC12/Middlewares/Third_Party/FreeRTOS/Source/timers.c:933:17:prvCheckForValidListAndQueue	32	static
C:/Users/thoma/OneDrive/ets/chinook/github/VolantC12-v2/VolantC12/Middlewares/Third_Party/FreeRTOS/Source/timers.c:233:16:xTimerCreateTimerTask	40	static
C:/Users/thoma/OneDrive/ets/chinook/github/VolantC12-v2/VolantC12/Middlewares/Third_Party/FreeRTOS/Source/timers.c:288:23:xTimerCreate	24	static
C:/Users/thoma/OneDrive/ets/chinook/github/VolantC12-v2/VolantC12/Middlewares/Third_Party/FreeRTOS/Source/timers.c:315:23:xTimerCreateStatic	32	static
C:/Users/thoma/OneDrive/ets/chinook/github/VolantC12-v2/VolantC12/Middlewares/Third_Party/FreeRTOS/Source/timers.c:386:16:xTimerGenericCommand	32	static
C:/Users/thoma/OneDrive/ets/chinook/github/VolantC12-v2/VolantC12/Middlewares/Third_Party/FreeRTOS/Source/timers.c:433:18:xTimerGetTimerDaemonTaskHandle	8	static
C:/Users/thoma/OneDrive/ets/chinook/github/VolantC12-v2/VolantC12/Middlewares/Third_Party/FreeRTOS/Source/timers.c:442:16:xTimerGetPeriod	8	static
C:/Users/thoma/OneDrive/ets/chinook/github/VolantC12-v2/VolantC12/Middlewares/Third_Party/FreeRTOS/Source/timers.c:451:10:vTimerSetReloadMode	16	static
C:/Users/thoma/OneDrive/ets/chinook/github/VolantC12-v2/VolantC12/Middlewares/Third_Party/FreeRTOS/Source/timers.c:472:16:xTimerGetReloadMode	8	static
C:/Users/thoma/OneDrive/ets/chinook/github/VolantC12-v2/VolantC12/Middlewares/Third_Party/FreeRTOS/Source/timers.c:496:17:uxTimerGetReloadMode	0	static
C:/Users/thoma/OneDrive/ets/chinook/github/VolantC12-v2/VolantC12/Middlewares/Third_Party/FreeRTOS/Source/timers.c:502:16:xTimerGetExpiryTime	8	static
C:/Users/thoma/OneDrive/ets/chinook/github/VolantC12-v2/VolantC12/Middlewares/Third_Party/FreeRTOS/Source/timers.c:513:18:pcTimerGetName	8	static
C:/Users/thoma/OneDrive/ets/chinook/github/VolantC12-v2/VolantC12/Middlewares/Third_Party/FreeRTOS/Source/timers.c:984:16:xTimerIsTimerActive	8	static
C:/Users/thoma/OneDrive/ets/chinook/github/VolantC12-v2/VolantC12/Middlewares/Third_Party/FreeRTOS/Source/timers.c:1009:12:pvTimerGetTimerID	8	static
C:/Users/thoma/OneDrive/ets/chinook/github/VolantC12-v2/VolantC12/Middlewares/Third_Party/FreeRTOS/Source/timers.c:1026:10:vTimerSetTimerID	16	static
C:/Users/thoma/OneDrive/ets/chinook/github/VolantC12-v2/VolantC12/Middlewares/Third_Party/FreeRTOS/Source/timers.c:1043:20:xTimerPendFunctionCallFromISR	24	static
C:/Users/thoma/OneDrive/ets/chinook/github/VolantC12-v2/VolantC12/Middlewares/Third_Party/FreeRTOS/Source/timers.c:1070:20:xTimerPendFunctionCall	32	static
C:/Users/thoma/OneDrive/ets/chinook/github/VolantC12-v2/VolantC12/Middlewares/Third_Party/FreeRTOS/Source/timers.c:1102:21:uxTimerGetTimerNumber	0	static
C:/Users/thoma/OneDrive/ets/chinook/github/VolantC12-v2/VolantC12/Middlewares/Third_Party/FreeRTOS/Source/timers.c:1112:14:vTimerSetTimerNumber	0	static
