C:/Users/thoma/OneDrive/ets/chinook/github/VolantC12-v2/VolantC12/Drivers/STM32U5xx_HAL_Driver/Src/stm32u5xx_ll_usb.c:83:19:USB_CoreInit	16	static
C:/Users/thoma/OneDrive/ets/chinook/github/VolantC12-v2/VolantC12/Drivers/STM32U5xx_HAL_Driver/Src/stm32u5xx_ll_usb.c:134:19:USB_SetTurnaroundTime	0	static
C:/Users/thoma/OneDrive/ets/chinook/github/VolantC12-v2/VolantC12/Drivers/STM32U5xx_HAL_Driver/Src/stm32u5xx_ll_usb.c:217:19:USB_EnableGlobalInt	0	static
C:/Users/thoma/OneDrive/ets/chinook/github/VolantC12-v2/VolantC12/Drivers/STM32U5xx_HAL_Driver/Src/stm32u5xx_ll_usb.c:229:19:USB_DisableGlobalInt	0	static
C:/Users/thoma/OneDrive/ets/chinook/github/VolantC12-v2/VolantC12/Drivers/STM32U5xx_HAL_Driver/Src/stm32u5xx_ll_usb.c:244:19:USB_SetCurrentMode	16	static
C:/Users/thoma/OneDrive/ets/chinook/github/VolantC12-v2/VolantC12/Drivers/STM32U5xx_HAL_Driver/Src/stm32u5xx_ll_usb.c:469:19:USB_FlushTxFifo	8	static
C:/Users/thoma/OneDrive/ets/chinook/github/VolantC12-v2/VolantC12/Drivers/STM32U5xx_HAL_Driver/Src/stm32u5xx_ll_usb.c:506:19:USB_FlushRxFifo	8	static
C:/Users/thoma/OneDrive/ets/chinook/github/VolantC12-v2/VolantC12/Drivers/STM32U5xx_HAL_Driver/Src/stm32u5xx_ll_usb.c:549:19:USB_SetDevSpeed	0	static
C:/Users/thoma/OneDrive/ets/chinook/github/VolantC12-v2/VolantC12/Drivers/STM32U5xx_HAL_Driver/Src/stm32u5xx_ll_usb.c:291:19:USB_DevInit	32	static
C:/Users/thoma/OneDrive/ets/chinook/github/VolantC12-v2/VolantC12/Drivers/STM32U5xx_HAL_Driver/Src/stm32u5xx_ll_usb.c:565:9:USB_GetDevSpeed	0	static
C:/Users/thoma/OneDrive/ets/chinook/github/VolantC12-v2/VolantC12/Drivers/STM32U5xx_HAL_Driver/Src/stm32u5xx_ll_usb.c:594:19:USB_ActivateEndpoint	12	static
C:/Users/thoma/OneDrive/ets/chinook/github/VolantC12-v2/VolantC12/Drivers/STM32U5xx_HAL_Driver/Src/stm32u5xx_ll_usb.c:632:19:USB_ActivateDedicatedEndpoint	20	static
C:/Users/thoma/OneDrive/ets/chinook/github/VolantC12-v2/VolantC12/Drivers/STM32U5xx_HAL_Driver/Src/stm32u5xx_ll_usb.c:671:19:USB_DeactivateEndpoint	8	static
C:/Users/thoma/OneDrive/ets/chinook/github/VolantC12-v2/VolantC12/Drivers/STM32U5xx_HAL_Driver/Src/stm32u5xx_ll_usb.c:718:19:USB_DeactivateDedicatedEndpoint	0	static
C:/Users/thoma/OneDrive/ets/chinook/github/VolantC12-v2/VolantC12/Drivers/STM32U5xx_HAL_Driver/Src/stm32u5xx_ll_usb.c:932:19:USB_EPStopXfer	8	static
C:/Users/thoma/OneDrive/ets/chinook/github/VolantC12-v2/VolantC12/Drivers/STM32U5xx_HAL_Driver/Src/stm32u5xx_ll_usb.c:996:19:USB_WritePacket	8	static
C:/Users/thoma/OneDrive/ets/chinook/github/VolantC12-v2/VolantC12/Drivers/STM32U5xx_HAL_Driver/Src/stm32u5xx_ll_usb.c:760:19:USB_EPStartXfer	32	static
C:/Users/thoma/OneDrive/ets/chinook/github/VolantC12-v2/VolantC12/Drivers/STM32U5xx_HAL_Driver/Src/stm32u5xx_ll_usb.c:1027:7:USB_ReadPacket	16	static
C:/Users/thoma/OneDrive/ets/chinook/github/VolantC12-v2/VolantC12/Drivers/STM32U5xx_HAL_Driver/Src/stm32u5xx_ll_usb.c:1069:19:USB_EPSetStall	0	static
C:/Users/thoma/OneDrive/ets/chinook/github/VolantC12-v2/VolantC12/Drivers/STM32U5xx_HAL_Driver/Src/stm32u5xx_ll_usb.c:1100:19:USB_EPClearStall	0	static
C:/Users/thoma/OneDrive/ets/chinook/github/VolantC12-v2/VolantC12/Drivers/STM32U5xx_HAL_Driver/Src/stm32u5xx_ll_usb.c:1129:19:USB_StopDevice	8	static
C:/Users/thoma/OneDrive/ets/chinook/github/VolantC12-v2/VolantC12/Drivers/STM32U5xx_HAL_Driver/Src/stm32u5xx_ll_usb.c:1170:19:USB_SetDevAddress	0	static
C:/Users/thoma/OneDrive/ets/chinook/github/VolantC12-v2/VolantC12/Drivers/STM32U5xx_HAL_Driver/Src/stm32u5xx_ll_usb.c:1185:19:USB_DevConnect	0	static
C:/Users/thoma/OneDrive/ets/chinook/github/VolantC12-v2/VolantC12/Drivers/STM32U5xx_HAL_Driver/Src/stm32u5xx_ll_usb.c:1202:19:USB_DevDisconnect	0	static
C:/Users/thoma/OneDrive/ets/chinook/github/VolantC12-v2/VolantC12/Drivers/STM32U5xx_HAL_Driver/Src/stm32u5xx_ll_usb.c:1219:10:USB_ReadInterrupts	0	static
C:/Users/thoma/OneDrive/ets/chinook/github/VolantC12-v2/VolantC12/Drivers/STM32U5xx_HAL_Driver/Src/stm32u5xx_ll_usb.c:1235:10:USB_ReadChInterrupts	0	static
C:/Users/thoma/OneDrive/ets/chinook/github/VolantC12-v2/VolantC12/Drivers/STM32U5xx_HAL_Driver/Src/stm32u5xx_ll_usb.c:1251:10:USB_ReadDevAllOutEpInterrupt	0	static
C:/Users/thoma/OneDrive/ets/chinook/github/VolantC12-v2/VolantC12/Drivers/STM32U5xx_HAL_Driver/Src/stm32u5xx_ll_usb.c:1267:10:USB_ReadDevAllInEpInterrupt	0	static
C:/Users/thoma/OneDrive/ets/chinook/github/VolantC12-v2/VolantC12/Drivers/STM32U5xx_HAL_Driver/Src/stm32u5xx_ll_usb.c:1285:10:USB_ReadDevOutEPInterrupt	0	static
C:/Users/thoma/OneDrive/ets/chinook/github/VolantC12-v2/VolantC12/Drivers/STM32U5xx_HAL_Driver/Src/stm32u5xx_ll_usb.c:1303:10:USB_ReadDevInEPInterrupt	0	static
C:/Users/thoma/OneDrive/ets/chinook/github/VolantC12-v2/VolantC12/Drivers/STM32U5xx_HAL_Driver/Src/stm32u5xx_ll_usb.c:1324:7:USB_ClearInterrupts	0	static
C:/Users/thoma/OneDrive/ets/chinook/github/VolantC12-v2/VolantC12/Drivers/STM32U5xx_HAL_Driver/Src/stm32u5xx_ll_usb.c:1337:10:USB_GetMode	0	static
C:/Users/thoma/OneDrive/ets/chinook/github/VolantC12-v2/VolantC12/Drivers/STM32U5xx_HAL_Driver/Src/stm32u5xx_ll_usb.c:1347:19:USB_ActivateSetup	0	static
C:/Users/thoma/OneDrive/ets/chinook/github/VolantC12-v2/VolantC12/Drivers/STM32U5xx_HAL_Driver/Src/stm32u5xx_ll_usb.c:1369:19:USB_EP0_OutStart	12	static
C:/Users/thoma/OneDrive/ets/chinook/github/VolantC12-v2/VolantC12/Drivers/STM32U5xx_HAL_Driver/Src/stm32u5xx_ll_usb.c:1442:19:USB_HostInit	16	static
C:/Users/thoma/OneDrive/ets/chinook/github/VolantC12-v2/VolantC12/Drivers/STM32U5xx_HAL_Driver/Src/stm32u5xx_ll_usb.c:1559:19:USB_InitFSLSPClkSel	8	static
C:/Users/thoma/OneDrive/ets/chinook/github/VolantC12-v2/VolantC12/Drivers/STM32U5xx_HAL_Driver/Src/stm32u5xx_ll_usb.c:1589:19:USB_ResetPort	24	static
C:/Users/thoma/OneDrive/ets/chinook/github/VolantC12-v2/VolantC12/Drivers/STM32U5xx_HAL_Driver/Src/stm32u5xx_ll_usb.c:1616:19:USB_DriveVbus	8	static
C:/Users/thoma/OneDrive/ets/chinook/github/VolantC12-v2/VolantC12/Drivers/STM32U5xx_HAL_Driver/Src/stm32u5xx_ll_usb.c:1646:10:USB_GetHostSpeed	8	static
C:/Users/thoma/OneDrive/ets/chinook/github/VolantC12-v2/VolantC12/Drivers/STM32U5xx_HAL_Driver/Src/stm32u5xx_ll_usb.c:1660:10:USB_GetCurrentFrame	0	static
C:/Users/thoma/OneDrive/ets/chinook/github/VolantC12-v2/VolantC12/Drivers/STM32U5xx_HAL_Driver/Src/stm32u5xx_ll_usb.c:1691:19:USB_HC_Init	32	static
C:/Users/thoma/OneDrive/ets/chinook/github/VolantC12-v2/VolantC12/Drivers/STM32U5xx_HAL_Driver/Src/stm32u5xx_ll_usb.c:2086:10:USB_HC_ReadInterrupt	0	static
C:/Users/thoma/OneDrive/ets/chinook/github/VolantC12-v2/VolantC12/Drivers/STM32U5xx_HAL_Driver/Src/stm32u5xx_ll_usb.c:2100:19:USB_HC_Halt	24	static
C:/Users/thoma/OneDrive/ets/chinook/github/VolantC12-v2/VolantC12/Drivers/STM32U5xx_HAL_Driver/Src/stm32u5xx_ll_usb.c:2184:19:USB_DoPing	0	static
C:/Users/thoma/OneDrive/ets/chinook/github/VolantC12-v2/VolantC12/Drivers/STM32U5xx_HAL_Driver/Src/stm32u5xx_ll_usb.c:1823:19:USB_HC_StartXfer	48	static
C:/Users/thoma/OneDrive/ets/chinook/github/VolantC12-v2/VolantC12/Drivers/STM32U5xx_HAL_Driver/Src/stm32u5xx_ll_usb.c:2208:19:USB_StopHost	24	static
C:/Users/thoma/OneDrive/ets/chinook/github/VolantC12-v2/VolantC12/Drivers/STM32U5xx_HAL_Driver/Src/stm32u5xx_ll_usb.c:2273:19:USB_ActivateRemoteWakeup	0	static
C:/Users/thoma/OneDrive/ets/chinook/github/VolantC12-v2/VolantC12/Drivers/STM32U5xx_HAL_Driver/Src/stm32u5xx_ll_usb.c:2291:19:USB_DeActivateRemoteWakeup	0	static
