C:/Users/thoma/OneDrive/ets/chinook/github/VolantC12-v2/VolantC12/Drivers/STM32U5xx_HAL_Driver/Src/stm32u5xx_hal_ltdc.c:2133:13:LTDC_SetConfig	20	static
C:/Users/thoma/OneDrive/ets/chinook/github/VolantC12-v2/VolantC12/Drivers/STM32U5xx_HAL_Driver/Src/stm32u5xx_hal_ltdc.c:399:13:HAL_LTDC_MspInit	0	static
C:/Users/thoma/OneDrive/ets/chinook/github/VolantC12-v2/VolantC12/Drivers/STM32U5xx_HAL_Driver/Src/stm32u5xx_hal_ltdc.c:219:19:HAL_LTDC_Init	16	static
C:/Users/thoma/OneDrive/ets/chinook/github/VolantC12-v2/VolantC12/Drivers/STM32U5xx_HAL_Driver/Src/stm32u5xx_hal_ltdc.c:415:13:HAL_LTDC_MspDeInit	0	static
C:/Users/thoma/OneDrive/ets/chinook/github/VolantC12-v2/VolantC12/Drivers/STM32U5xx_HAL_Driver/Src/stm32u5xx_hal_ltdc.c:329:19:HAL_LTDC_DeInit	16	static
C:/Users/thoma/OneDrive/ets/chinook/github/VolantC12-v2/VolantC12/Drivers/STM32U5xx_HAL_Driver/Src/stm32u5xx_hal_ltdc.c:749:13:HAL_LTDC_ErrorCallback	0	static
C:/Users/thoma/OneDrive/ets/chinook/github/VolantC12-v2/VolantC12/Drivers/STM32U5xx_HAL_Driver/Src/stm32u5xx_hal_ltdc.c:765:13:HAL_LTDC_LineEventCallback	0	static
C:/Users/thoma/OneDrive/ets/chinook/github/VolantC12-v2/VolantC12/Drivers/STM32U5xx_HAL_Driver/Src/stm32u5xx_hal_ltdc.c:781:13:HAL_LTDC_ReloadEventCallback	0	static
C:/Users/thoma/OneDrive/ets/chinook/github/VolantC12-v2/VolantC12/Drivers/STM32U5xx_HAL_Driver/Src/stm32u5xx_hal_ltdc.c:631:6:HAL_LTDC_IRQHandler	16	static
C:/Users/thoma/OneDrive/ets/chinook/github/VolantC12-v2/VolantC12/Drivers/STM32U5xx_HAL_Driver/Src/stm32u5xx_hal_ltdc.c:831:19:HAL_LTDC_ConfigLayer	24	static
C:/Users/thoma/OneDrive/ets/chinook/github/VolantC12-v2/VolantC12/Drivers/STM32U5xx_HAL_Driver/Src/stm32u5xx_hal_ltdc.c:881:19:HAL_LTDC_ConfigColorKeying	8	static
C:/Users/thoma/OneDrive/ets/chinook/github/VolantC12-v2/VolantC12/Drivers/STM32U5xx_HAL_Driver/Src/stm32u5xx_hal_ltdc.c:919:19:HAL_LTDC_ConfigCLUT	20	static
C:/Users/thoma/OneDrive/ets/chinook/github/VolantC12-v2/VolantC12/Drivers/STM32U5xx_HAL_Driver/Src/stm32u5xx_hal_ltdc.c:971:19:HAL_LTDC_EnableColorKeying	0	static
C:/Users/thoma/OneDrive/ets/chinook/github/VolantC12-v2/VolantC12/Drivers/STM32U5xx_HAL_Driver/Src/stm32u5xx_hal_ltdc.c:1006:19:HAL_LTDC_DisableColorKeying	0	static
C:/Users/thoma/OneDrive/ets/chinook/github/VolantC12-v2/VolantC12/Drivers/STM32U5xx_HAL_Driver/Src/stm32u5xx_hal_ltdc.c:1041:19:HAL_LTDC_EnableCLUT	0	static
C:/Users/thoma/OneDrive/ets/chinook/github/VolantC12-v2/VolantC12/Drivers/STM32U5xx_HAL_Driver/Src/stm32u5xx_hal_ltdc.c:1076:19:HAL_LTDC_DisableCLUT	0	static
C:/Users/thoma/OneDrive/ets/chinook/github/VolantC12-v2/VolantC12/Drivers/STM32U5xx_HAL_Driver/Src/stm32u5xx_hal_ltdc.c:1109:19:HAL_LTDC_EnableDither	0	static
C:/Users/thoma/OneDrive/ets/chinook/github/VolantC12-v2/VolantC12/Drivers/STM32U5xx_HAL_Driver/Src/stm32u5xx_hal_ltdc.c:1136:19:HAL_LTDC_DisableDither	0	static
C:/Users/thoma/OneDrive/ets/chinook/github/VolantC12-v2/VolantC12/Drivers/STM32U5xx_HAL_Driver/Src/stm32u5xx_hal_ltdc.c:1167:19:HAL_LTDC_SetWindowSize	24	static
C:/Users/thoma/OneDrive/ets/chinook/github/VolantC12-v2/VolantC12/Drivers/STM32U5xx_HAL_Driver/Src/stm32u5xx_hal_ltdc.c:1223:19:HAL_LTDC_SetWindowPosition	24	static
C:/Users/thoma/OneDrive/ets/chinook/github/VolantC12-v2/VolantC12/Drivers/STM32U5xx_HAL_Driver/Src/stm32u5xx_hal_ltdc.c:1274:19:HAL_LTDC_SetPixelFormat	16	static
C:/Users/thoma/OneDrive/ets/chinook/github/VolantC12-v2/VolantC12/Drivers/STM32U5xx_HAL_Driver/Src/stm32u5xx_hal_ltdc.c:1319:19:HAL_LTDC_SetAlpha	16	static
C:/Users/thoma/OneDrive/ets/chinook/github/VolantC12-v2/VolantC12/Drivers/STM32U5xx_HAL_Driver/Src/stm32u5xx_hal_ltdc.c:1363:19:HAL_LTDC_SetAddress	16	static
C:/Users/thoma/OneDrive/ets/chinook/github/VolantC12-v2/VolantC12/Drivers/STM32U5xx_HAL_Driver/Src/stm32u5xx_hal_ltdc.c:1412:19:HAL_LTDC_SetPitch	12	static
C:/Users/thoma/OneDrive/ets/chinook/github/VolantC12-v2/VolantC12/Drivers/STM32U5xx_HAL_Driver/Src/stm32u5xx_hal_ltdc.c:1481:19:HAL_LTDC_ProgramLineEvent	0	static
C:/Users/thoma/OneDrive/ets/chinook/github/VolantC12-v2/VolantC12/Drivers/STM32U5xx_HAL_Driver/Src/stm32u5xx_hal_ltdc.c:1520:20:HAL_LTDC_Reload	0	static
C:/Users/thoma/OneDrive/ets/chinook/github/VolantC12-v2/VolantC12/Drivers/STM32U5xx_HAL_Driver/Src/stm32u5xx_hal_ltdc.c:1559:19:HAL_LTDC_ConfigLayer_NoReload	24	static
C:/Users/thoma/OneDrive/ets/chinook/github/VolantC12-v2/VolantC12/Drivers/STM32U5xx_HAL_Driver/Src/stm32u5xx_hal_ltdc.c:1609:19:HAL_LTDC_SetWindowSize_NoReload	24	static
C:/Users/thoma/OneDrive/ets/chinook/github/VolantC12-v2/VolantC12/Drivers/STM32U5xx_HAL_Driver/Src/stm32u5xx_hal_ltdc.c:1664:19:HAL_LTDC_SetWindowPosition_NoReload	24	static
C:/Users/thoma/OneDrive/ets/chinook/github/VolantC12-v2/VolantC12/Drivers/STM32U5xx_HAL_Driver/Src/stm32u5xx_hal_ltdc.c:1714:19:HAL_LTDC_SetPixelFormat_NoReload	16	static
C:/Users/thoma/OneDrive/ets/chinook/github/VolantC12-v2/VolantC12/Drivers/STM32U5xx_HAL_Driver/Src/stm32u5xx_hal_ltdc.c:1757:19:HAL_LTDC_SetAlpha_NoReload	16	static
C:/Users/thoma/OneDrive/ets/chinook/github/VolantC12-v2/VolantC12/Drivers/STM32U5xx_HAL_Driver/Src/stm32u5xx_hal_ltdc.c:1800:19:HAL_LTDC_SetAddress_NoReload	16	static
C:/Users/thoma/OneDrive/ets/chinook/github/VolantC12-v2/VolantC12/Drivers/STM32U5xx_HAL_Driver/Src/stm32u5xx_hal_ltdc.c:1847:19:HAL_LTDC_SetPitch_NoReload	12	static
C:/Users/thoma/OneDrive/ets/chinook/github/VolantC12-v2/VolantC12/Drivers/STM32U5xx_HAL_Driver/Src/stm32u5xx_hal_ltdc.c:1914:19:HAL_LTDC_ConfigColorKeying_NoReload	0	static
C:/Users/thoma/OneDrive/ets/chinook/github/VolantC12-v2/VolantC12/Drivers/STM32U5xx_HAL_Driver/Src/stm32u5xx_hal_ltdc.c:1948:19:HAL_LTDC_EnableColorKeying_NoReload	0	static
C:/Users/thoma/OneDrive/ets/chinook/github/VolantC12-v2/VolantC12/Drivers/STM32U5xx_HAL_Driver/Src/stm32u5xx_hal_ltdc.c:1981:19:HAL_LTDC_DisableColorKeying_NoReload	0	static
C:/Users/thoma/OneDrive/ets/chinook/github/VolantC12-v2/VolantC12/Drivers/STM32U5xx_HAL_Driver/Src/stm32u5xx_hal_ltdc.c:2014:19:HAL_LTDC_EnableCLUT_NoReload	0	static
C:/Users/thoma/OneDrive/ets/chinook/github/VolantC12-v2/VolantC12/Drivers/STM32U5xx_HAL_Driver/Src/stm32u5xx_hal_ltdc.c:2047:19:HAL_LTDC_DisableCLUT_NoReload	0	static
C:/Users/thoma/OneDrive/ets/chinook/github/VolantC12-v2/VolantC12/Drivers/STM32U5xx_HAL_Driver/Src/stm32u5xx_hal_ltdc.c:2096:23:HAL_LTDC_GetState	0	static
C:/Users/thoma/OneDrive/ets/chinook/github/VolantC12-v2/VolantC12/Drivers/STM32U5xx_HAL_Driver/Src/stm32u5xx_hal_ltdc.c:2107:10:HAL_LTDC_GetError	0	static
