../../Drivers/STM32U5xx_HAL_Driver/Inc/stm32u5xx_ll_adc.h:3648:22:LL_ADC_SetOffset	8	static
../../Drivers/STM32U5xx_HAL_Driver/Inc/stm32u5xx_ll_adc.h:7968:26:LL_ADC_IsEnabled	0	static
../../Drivers/STM32U5xx_HAL_Driver/Inc/stm32u5xx_ll_adc.h:8102:26:LL_ADC_REG_IsConversionOngoing	0	static
../../Drivers/STM32U5xx_HAL_Driver/Inc/stm32u5xx_ll_adc.h:4703:22:LL_ADC_REG_SetSequencerRanks.part.0	8	static,ignoring_inline_asm
../../Drivers/STM32U5xx_HAL_Driver/Inc/stm32u5xx_ll_adc.h:6408:22:LL_ADC_SetChannelSamplingTime	12	static,ignoring_inline_asm
../../Drivers/STM32U5xx_HAL_Driver/Inc/stm32u5xx_ll_adc.h:7250:22:LL_ADC_ConfigAnalogWDThresholds.part.0	8	static
C:/Users/thoma/OneDrive/ets/chinook/github/VolantC12-v2/VolantC12/Drivers/STM32U5xx_HAL_Driver/Src/stm32u5xx_hal_adc.c:1212:13:HAL_ADC_MspInit	0	static
C:/Users/thoma/OneDrive/ets/chinook/github/VolantC12-v2/VolantC12/Drivers/STM32U5xx_HAL_Driver/Src/stm32u5xx_hal_adc.c:406:19:HAL_ADC_Init	32	static
C:/Users/thoma/OneDrive/ets/chinook/github/VolantC12-v2/VolantC12/Drivers/STM32U5xx_HAL_Driver/Src/stm32u5xx_hal_adc.c:1229:13:HAL_ADC_MspDeInit	0	static
C:/Users/thoma/OneDrive/ets/chinook/github/VolantC12-v2/VolantC12/Drivers/STM32U5xx_HAL_Driver/Src/stm32u5xx_hal_adc.c:1756:19:HAL_ADC_PollForConversion	24	static
C:/Users/thoma/OneDrive/ets/chinook/github/VolantC12-v2/VolantC12/Drivers/STM32U5xx_HAL_Driver/Src/stm32u5xx_hal_adc.c:1998:19:HAL_ADC_PollForEvent	24	static
C:/Users/thoma/OneDrive/ets/chinook/github/VolantC12-v2/VolantC12/Drivers/STM32U5xx_HAL_Driver/Src/stm32u5xx_hal_adc.c:2688:10:HAL_ADC_GetValue	0	static
C:/Users/thoma/OneDrive/ets/chinook/github/VolantC12-v2/VolantC12/Drivers/STM32U5xx_HAL_Driver/Src/stm32u5xx_hal_adc.c:3160:13:HAL_ADC_ConvCpltCallback	0	static
C:/Users/thoma/OneDrive/ets/chinook/github/VolantC12-v2/VolantC12/Drivers/STM32U5xx_HAL_Driver/Src/stm32u5xx_hal_adc.c:3175:13:HAL_ADC_ConvHalfCpltCallback	0	static
C:/Users/thoma/OneDrive/ets/chinook/github/VolantC12-v2/VolantC12/Drivers/STM32U5xx_HAL_Driver/Src/stm32u5xx_hal_adc.c:4512:6:ADC_DMAHalfConvCplt	8	static
C:/Users/thoma/OneDrive/ets/chinook/github/VolantC12-v2/VolantC12/Drivers/STM32U5xx_HAL_Driver/Src/stm32u5xx_hal_adc.c:3190:13:HAL_ADC_LevelOutOfWindowCallback	0	static
C:/Users/thoma/OneDrive/ets/chinook/github/VolantC12-v2/VolantC12/Drivers/STM32U5xx_HAL_Driver/Src/stm32u5xx_hal_adc.c:3212:13:HAL_ADC_ErrorCallback	0	static
C:/Users/thoma/OneDrive/ets/chinook/github/VolantC12-v2/VolantC12/Drivers/STM32U5xx_HAL_Driver/Src/stm32u5xx_hal_adc.c:4434:6:ADC_DMAConvCplt	8	static
C:/Users/thoma/OneDrive/ets/chinook/github/VolantC12-v2/VolantC12/Drivers/STM32U5xx_HAL_Driver/Src/stm32u5xx_hal_adc.c:4530:6:ADC_DMAError	8	static
C:/Users/thoma/OneDrive/ets/chinook/github/VolantC12-v2/VolantC12/Drivers/STM32U5xx_HAL_Driver/Src/stm32u5xx_hal_adc.c:3227:13:HAL_ADC_CalibrationCpltCallback	0	static
C:/Users/thoma/OneDrive/ets/chinook/github/VolantC12-v2/VolantC12/Drivers/STM32U5xx_HAL_Driver/Src/stm32u5xx_hal_adc.c:3242:13:HAL_ADC_VoltageRegulatorCallback	0	static
C:/Users/thoma/OneDrive/ets/chinook/github/VolantC12-v2/VolantC12/Drivers/STM32U5xx_HAL_Driver/Src/stm32u5xx_hal_adc.c:3257:13:HAL_ADC_ADCReadyCallback	0	static
C:/Users/thoma/OneDrive/ets/chinook/github/VolantC12-v2/VolantC12/Drivers/STM32U5xx_HAL_Driver/Src/stm32u5xx_hal_adc.c:2705:6:HAL_ADC_IRQHandler	24	static
C:/Users/thoma/OneDrive/ets/chinook/github/VolantC12-v2/VolantC12/Drivers/STM32U5xx_HAL_Driver/Src/stm32u5xx_hal_adc.c:3303:19:HAL_ADC_ConfigChannel	32	static,ignoring_inline_asm
C:/Users/thoma/OneDrive/ets/chinook/github/VolantC12-v2/VolantC12/Drivers/STM32U5xx_HAL_Driver/Src/stm32u5xx_hal_adc.c:3822:19:HAL_ADC_AnalogWDGConfig	24	static,ignoring_inline_asm
C:/Users/thoma/OneDrive/ets/chinook/github/VolantC12-v2/VolantC12/Drivers/STM32U5xx_HAL_Driver/Src/stm32u5xx_hal_adc.c:4115:10:HAL_ADC_GetState	0	static
C:/Users/thoma/OneDrive/ets/chinook/github/VolantC12-v2/VolantC12/Drivers/STM32U5xx_HAL_Driver/Src/stm32u5xx_hal_adc.c:4129:10:HAL_ADC_GetError	0	static
C:/Users/thoma/OneDrive/ets/chinook/github/VolantC12-v2/VolantC12/Drivers/STM32U5xx_HAL_Driver/Src/stm32u5xx_hal_adc.c:4159:19:ADC_ConversionStop	16	static
C:/Users/thoma/OneDrive/ets/chinook/github/VolantC12-v2/VolantC12/Drivers/STM32U5xx_HAL_Driver/Src/stm32u5xx_hal_adc.c:4287:19:ADC_Enable	16	static
C:/Users/thoma/OneDrive/ets/chinook/github/VolantC12-v2/VolantC12/Drivers/STM32U5xx_HAL_Driver/Src/stm32u5xx_hal_adc.c:1561:19:HAL_ADC_Start	16	static
C:/Users/thoma/OneDrive/ets/chinook/github/VolantC12-v2/VolantC12/Drivers/STM32U5xx_HAL_Driver/Src/stm32u5xx_hal_adc.c:2133:19:HAL_ADC_Start_IT	16	static
C:/Users/thoma/OneDrive/ets/chinook/github/VolantC12-v2/VolantC12/Drivers/STM32U5xx_HAL_Driver/Src/stm32u5xx_hal_adc.c:2389:19:HAL_ADC_Start_DMA	136	static
C:/Users/thoma/OneDrive/ets/chinook/github/VolantC12-v2/VolantC12/Drivers/STM32U5xx_HAL_Driver/Src/stm32u5xx_hal_adc.c:4373:19:ADC_Disable	16	static
C:/Users/thoma/OneDrive/ets/chinook/github/VolantC12-v2/VolantC12/Drivers/STM32U5xx_HAL_Driver/Src/stm32u5xx_hal_adc.c:952:19:HAL_ADC_DeInit	16	static
C:/Users/thoma/OneDrive/ets/chinook/github/VolantC12-v2/VolantC12/Drivers/STM32U5xx_HAL_Driver/Src/stm32u5xx_hal_adc.c:1705:19:HAL_ADC_Stop	8	static
C:/Users/thoma/OneDrive/ets/chinook/github/VolantC12-v2/VolantC12/Drivers/STM32U5xx_HAL_Driver/Src/stm32u5xx_hal_adc.c:2339:19:HAL_ADC_Stop_IT	8	static
C:/Users/thoma/OneDrive/ets/chinook/github/VolantC12-v2/VolantC12/Drivers/STM32U5xx_HAL_Driver/Src/stm32u5xx_hal_adc.c:2596:19:HAL_ADC_Stop_DMA	16	static
