C:/Users/thoma/OneDrive/ets/chinook/github/VolantC12-v2/VolantC12/Drivers/STM32U5xx_HAL_Driver/Src/stm32u5xx_hal_pwr.c:203:6:HAL_PWR_DeInit	0	static
C:/Users/thoma/OneDrive/ets/chinook/github/VolantC12-v2/VolantC12/Drivers/STM32U5xx_HAL_Driver/Src/stm32u5xx_hal_pwr.c:215:6:HAL_PWR_EnableBkUpAccess	0	static
C:/Users/thoma/OneDrive/ets/chinook/github/VolantC12-v2/VolantC12/Drivers/STM32U5xx_HAL_Driver/Src/stm32u5xx_hal_pwr.c:226:6:HAL_PWR_DisableBkUpAccess	0	static
C:/Users/thoma/OneDrive/ets/chinook/github/VolantC12-v2/VolantC12/Drivers/STM32U5xx_HAL_Driver/Src/stm32u5xx_hal_pwr.c:393:19:HAL_PWR_ConfigPVD	0	static
C:/Users/thoma/OneDrive/ets/chinook/github/VolantC12-v2/VolantC12/Drivers/STM32U5xx_HAL_Driver/Src/stm32u5xx_hal_pwr.c:445:6:HAL_PWR_EnablePVD	0	static
C:/Users/thoma/OneDrive/ets/chinook/github/VolantC12-v2/VolantC12/Drivers/STM32U5xx_HAL_Driver/Src/stm32u5xx_hal_pwr.c:454:6:HAL_PWR_DisablePVD	0	static
C:/Users/thoma/OneDrive/ets/chinook/github/VolantC12-v2/VolantC12/Drivers/STM32U5xx_HAL_Driver/Src/stm32u5xx_hal_pwr.c:476:6:HAL_PWR_EnableWakeUpPin	8	static,ignoring_inline_asm
C:/Users/thoma/OneDrive/ets/chinook/github/VolantC12-v2/VolantC12/Drivers/STM32U5xx_HAL_Driver/Src/stm32u5xx_hal_pwr.c:507:6:HAL_PWR_DisableWakeUpPin	0	static
C:/Users/thoma/OneDrive/ets/chinook/github/VolantC12-v2/VolantC12/Drivers/STM32U5xx_HAL_Driver/Src/stm32u5xx_hal_pwr.c:538:6:HAL_PWR_EnterSLEEPMode	0	static,ignoring_inline_asm
C:/Users/thoma/OneDrive/ets/chinook/github/VolantC12-v2/VolantC12/Drivers/STM32U5xx_HAL_Driver/Src/stm32u5xx_hal_pwr.c:600:6:HAL_PWR_EnterSTOPMode	0	static,ignoring_inline_asm
C:/Users/thoma/OneDrive/ets/chinook/github/VolantC12-v2/VolantC12/Drivers/STM32U5xx_HAL_Driver/Src/stm32u5xx_hal_pwr.c:654:6:HAL_PWR_EnterSTANDBYMode	0	static,ignoring_inline_asm
C:/Users/thoma/OneDrive/ets/chinook/github/VolantC12-v2/VolantC12/Drivers/STM32U5xx_HAL_Driver/Src/stm32u5xx_hal_pwr.c:675:6:HAL_PWR_EnableSleepOnExit	0	static
C:/Users/thoma/OneDrive/ets/chinook/github/VolantC12-v2/VolantC12/Drivers/STM32U5xx_HAL_Driver/Src/stm32u5xx_hal_pwr.c:688:6:HAL_PWR_DisableSleepOnExit	0	static
C:/Users/thoma/OneDrive/ets/chinook/github/VolantC12-v2/VolantC12/Drivers/STM32U5xx_HAL_Driver/Src/stm32u5xx_hal_pwr.c:701:6:HAL_PWR_EnableSEVOnPend	0	static
C:/Users/thoma/OneDrive/ets/chinook/github/VolantC12-v2/VolantC12/Drivers/STM32U5xx_HAL_Driver/Src/stm32u5xx_hal_pwr.c:713:6:HAL_PWR_DisableSEVOnPend	0	static
C:/Users/thoma/OneDrive/ets/chinook/github/VolantC12-v2/VolantC12/Drivers/STM32U5xx_HAL_Driver/Src/stm32u5xx_hal_pwr.c:749:13:HAL_PWR_PVDCallback	0	static
C:/Users/thoma/OneDrive/ets/chinook/github/VolantC12-v2/VolantC12/Drivers/STM32U5xx_HAL_Driver/Src/stm32u5xx_hal_pwr.c:724:6:HAL_PWR_PVD_IRQHandler	8	static
C:/Users/thoma/OneDrive/ets/chinook/github/VolantC12-v2/VolantC12/Drivers/STM32U5xx_HAL_Driver/Src/stm32u5xx_hal_pwr.c:845:6:HAL_PWR_ConfigAttributes	0	static
C:/Users/thoma/OneDrive/ets/chinook/github/VolantC12-v2/VolantC12/Drivers/STM32U5xx_HAL_Driver/Src/stm32u5xx_hal_pwr.c:910:19:HAL_PWR_GetConfigAttributes	0	static
