C:/Users/thoma/OneDrive/ets/chinook/github/VolantC12-v2/VolantC12/Drivers/STM32U5xx_HAL_Driver/Src/stm32u5xx_hal_sd_ex.c:82:19:HAL_SDEx_DMALinkedList_BuildNode	8	static
C:/Users/thoma/OneDrive/ets/chinook/github/VolantC12-v2/VolantC12/Drivers/STM32U5xx_HAL_Driver/Src/stm32u5xx_hal_sd_ex.c:98:19:HAL_SDEx_DMALinkedList_InsertNode	8	static
C:/Users/thoma/OneDrive/ets/chinook/github/VolantC12-v2/VolantC12/Drivers/STM32U5xx_HAL_Driver/Src/stm32u5xx_hal_sd_ex.c:113:19:HAL_SDEx_DMALinkedList_RemoveNode	8	static
C:/Users/thoma/OneDrive/ets/chinook/github/VolantC12-v2/VolantC12/Drivers/STM32U5xx_HAL_Driver/Src/stm32u5xx_hal_sd_ex.c:131:19:HAL_SDEx_DMALinkedList_LockNode	8	static
C:/Users/thoma/OneDrive/ets/chinook/github/VolantC12-v2/VolantC12/Drivers/STM32U5xx_HAL_Driver/Src/stm32u5xx_hal_sd_ex.c:149:19:HAL_SDEx_DMALinkedList_UnlockNode	8	static
C:/Users/thoma/OneDrive/ets/chinook/github/VolantC12-v2/VolantC12/Drivers/STM32U5xx_HAL_Driver/Src/stm32u5xx_hal_sd_ex.c:167:19:HAL_SDEx_DMALinkedList_EnableCircularMode	8	static
C:/Users/thoma/OneDrive/ets/chinook/github/VolantC12-v2/VolantC12/Drivers/STM32U5xx_HAL_Driver/Src/stm32u5xx_hal_sd_ex.c:180:19:HAL_SDEx_DMALinkedList_DisableCircularMode	8	static
C:/Users/thoma/OneDrive/ets/chinook/github/VolantC12-v2/VolantC12/Drivers/STM32U5xx_HAL_Driver/Src/stm32u5xx_hal_sd_ex.c:199:19:HAL_SDEx_DMALinkedList_ReadBlocks	48	static
C:/Users/thoma/OneDrive/ets/chinook/github/VolantC12-v2/VolantC12/Drivers/STM32U5xx_HAL_Driver/Src/stm32u5xx_hal_sd_ex.c:293:19:HAL_SDEx_DMALinkedList_WriteBlocks	48	static
