C:/Users/thoma/OneDrive/ets/chinook/github/VolantC12-v2/VolantC12/Drivers/STM32U5xx_HAL_Driver/Src/stm32u5xx_hal_i2c_ex.c:101:19:HAL_I2CEx_ConfigAnalogFilter	8	static
C:/Users/thoma/OneDrive/ets/chinook/github/VolantC12-v2/VolantC12/Drivers/STM32U5xx_HAL_Driver/Src/stm32u5xx_hal_i2c_ex.c:145:19:HAL_I2CEx_ConfigDigitalFilter	8	static
C:/Users/thoma/OneDrive/ets/chinook/github/VolantC12-v2/VolantC12/Drivers/STM32U5xx_HAL_Driver/Src/stm32u5xx_hal_i2c_ex.c:213:19:HAL_I2CEx_EnableWakeUp	0	static
C:/Users/thoma/OneDrive/ets/chinook/github/VolantC12-v2/VolantC12/Drivers/STM32U5xx_HAL_Driver/Src/stm32u5xx_hal_i2c_ex.c:252:19:HAL_I2CEx_DisableWakeUp	0	static
C:/Users/thoma/OneDrive/ets/chinook/github/VolantC12-v2/VolantC12/Drivers/STM32U5xx_HAL_Driver/Src/stm32u5xx_hal_i2c_ex.c:309:19:HAL_I2CEx_ConfigFastModePlus	0	static
C:/Users/thoma/OneDrive/ets/chinook/github/VolantC12-v2/VolantC12/Drivers/STM32U5xx_HAL_Driver/Src/stm32u5xx_hal_i2c_ex.c:377:19:HAL_I2CEx_SetConfigAutonomousMode	12	static
C:/Users/thoma/OneDrive/ets/chinook/github/VolantC12-v2/VolantC12/Drivers/STM32U5xx_HAL_Driver/Src/stm32u5xx_hal_i2c_ex.c:425:19:HAL_I2CEx_GetConfigAutonomousMode	8	static
C:/Users/thoma/OneDrive/ets/chinook/github/VolantC12-v2/VolantC12/Drivers/STM32U5xx_HAL_Driver/Src/stm32u5xx_hal_i2c_ex.c:455:19:HAL_I2CEx_ClearConfigAutonomousMode	8	static
